// Jest Snapshot v1, https://goo.gl/fbAQLP

exports[`api graphql v1 migration tests ...adds graphql with v1 transformer, updates models, adds function access, and pulls with latest version 1`] = `""`;

exports[`api graphql v1 migration tests ...adds graphql with v1 transformer, updates models, adds function access, and pulls with latest version 2`] = `
"Outputs
[+] Output LambdaExecutionRoleArn: {\\"Value\\":{\\"Fn::GetAtt\\":[\\"LambdaExecutionRole\\",\\"Arn\\"]}}

"
`;
